2025-06-17 00:01:51,195 - INFO - Loading data...
2025-06-17 00:01:51,231 - INFO - Feature names cleaned for LightGBM compatibility
2025-06-17 00:01:51,231 - INFO - Data shapes:
2025-06-17 00:01:51,231 - INFO - Features (X): (1728, 180)
2025-06-17 00:01:51,231 - INFO - Target (y): (1728,)
2025-06-17 00:01:51,241 - INFO - Data split sizes:
2025-06-17 00:01:51,241 - INFO - Training set: 1036 samples
2025-06-17 00:01:51,241 - INFO - Validation set: 346 samples
2025-06-17 00:01:51,241 - INFO - Test set: 346 samples
2025-06-17 00:01:51,241 - INFO - Training base models and generating meta-features using stratified cross-validation...
2025-06-17 00:01:51,241 - INFO - Processing random_forest...
2025-06-17 00:01:51,245 - INFO - Tuning hyperparameters for random_forest...
2025-06-17 00:01:51,245 - INFO - Validating data for random_forest...
2025-06-17 00:01:51,248 - WARNING - Constant features found for random_forest: [161, 163, 167]
2025-06-17 00:02:01,869 - INFO - Best parameters for random_forest:
2025-06-17 00:02:01,869 - INFO - {'max_depth': 15, 'min_samples_leaf': 1, 'min_samples_split': 2, 'n_estimators': 200}
2025-06-17 00:02:01,869 - INFO - Best cross-validation score: 0.8011
2025-06-17 00:02:01,869 - INFO - Time taken: 10.62 seconds
2025-06-17 00:02:02,251 - INFO - Fold 1 Accuracy: 0.8654
2025-06-17 00:02:02,599 - INFO - Fold 2 Accuracy: 0.8558
2025-06-17 00:02:02,967 - INFO - Fold 3 Accuracy: 0.8558
2025-06-17 00:02:03,323 - INFO - Fold 4 Accuracy: 0.8269
2025-06-17 00:02:03,682 - INFO - Fold 5 Accuracy: 0.7885
2025-06-17 00:02:04,047 - INFO - Fold 6 Accuracy: 0.8077
2025-06-17 00:02:04,399 - INFO - Fold 7 Accuracy: 0.8350
2025-06-17 00:02:04,751 - INFO - Fold 8 Accuracy: 0.8350
2025-06-17 00:02:05,120 - INFO - Fold 9 Accuracy: 0.7767
2025-06-17 00:02:05,466 - INFO - Fold 10 Accuracy: 0.7767
2025-06-17 00:02:09,318 - INFO - random_forest Cross-Validation Performance:
2025-06-17 00:02:09,318 - INFO - Mean CV Accuracy: 0.8262 (+/- 0.0761)
2025-06-17 00:02:09,318 - INFO - Processing xgboost...
2025-06-17 00:02:09,318 - INFO - Tuning hyperparameters for xgboost...
2025-06-17 00:02:09,318 - INFO - Validating data for xgboost...
2025-06-17 00:02:09,333 - WARNING - Constant features found for xgboost: [161, 163, 167]
2025-06-17 00:02:23,389 - INFO - Best parameters for xgboost:
2025-06-17 00:02:23,391 - INFO - {'learning_rate': 0.1, 'max_depth': 3, 'n_estimators': 200, 'subsample': 1.0}
2025-06-17 00:02:23,391 - INFO - Best cross-validation score: 0.8591
2025-06-17 00:02:23,391 - INFO - Time taken: 14.07 seconds
2025-06-17 00:02:23,999 - INFO - Fold 1 Accuracy: 0.8846
2025-06-17 00:02:24,626 - INFO - Fold 2 Accuracy: 0.8846
2025-06-17 00:02:25,241 - INFO - Fold 3 Accuracy: 0.9327
2025-06-17 00:02:25,854 - INFO - Fold 4 Accuracy: 0.8942
2025-06-17 00:02:26,449 - INFO - Fold 5 Accuracy: 0.8173
2025-06-17 00:02:27,062 - INFO - Fold 6 Accuracy: 0.8365
2025-06-17 00:02:27,666 - INFO - Fold 7 Accuracy: 0.8544
2025-06-17 00:02:28,287 - INFO - Fold 8 Accuracy: 0.8641
2025-06-17 00:02:28,903 - INFO - Fold 9 Accuracy: 0.8155
2025-06-17 00:02:29,513 - INFO - Fold 10 Accuracy: 0.8544
2025-06-17 00:02:35,946 - INFO - xgboost Cross-Validation Performance:
2025-06-17 00:02:35,946 - INFO - Mean CV Accuracy: 0.8561 (+/- 0.0652)
2025-06-17 00:02:35,946 - INFO - Processing lightgbm...
2025-06-17 00:02:35,946 - INFO - Tuning hyperparameters for lightgbm...
2025-06-17 00:02:35,946 - INFO - Validating data for lightgbm...
2025-06-17 00:02:35,950 - WARNING - Constant features found for lightgbm: [161, 163, 167]
