2025-06-16 23:54:51,084 - INFO - Loading data...
2025-06-16 23:54:51,107 - INFO - Feature names cleaned for LightGBM compatibility
2025-06-16 23:54:51,107 - INFO - Data shapes:
2025-06-16 23:54:51,107 - INFO - Features (X): (1728, 180)
2025-06-16 23:54:51,107 - INFO - Target (y): (1728,)
2025-06-16 23:54:51,107 - INFO - Data split sizes:
2025-06-16 23:54:51,107 - INFO - Training set: 1036 samples
2025-06-16 23:54:51,107 - INFO - Validation set: 346 samples
2025-06-16 23:54:51,107 - INFO - Test set: 346 samples
2025-06-16 23:54:51,107 - INFO - Training base models and generating meta-features using stratified cross-validation...
2025-06-16 23:54:51,107 - INFO - Processing random_forest...
2025-06-16 23:54:51,119 - INFO - Tuning hyperparameters for random_forest...
2025-06-16 23:54:51,119 - INFO - Validating data for random_forest...
2025-06-16 23:54:51,129 - WARNING - Constant features found for random_forest: ['WaitingTime_Car', 'Availability_Car', 'Availability_PublicTransport']
2025-06-16 23:55:02,495 - INFO - Best parameters for random_forest:
2025-06-16 23:55:02,495 - INFO - {'max_depth': 15, 'min_samples_leaf': 1, 'min_samples_split': 2, 'n_estimators': 200}
2025-06-16 23:55:02,495 - INFO - Best cross-validation score: 0.8011
2025-06-16 23:55:02,495 - INFO - Time taken: 11.38 seconds
2025-06-16 23:55:02,890 - INFO - Fold 1 Accuracy: 0.8654
2025-06-16 23:55:03,246 - INFO - Fold 2 Accuracy: 0.8558
2025-06-16 23:55:03,605 - INFO - Fold 3 Accuracy: 0.8558
2025-06-16 23:55:03,961 - INFO - Fold 4 Accuracy: 0.8269
2025-06-16 23:55:04,317 - INFO - Fold 5 Accuracy: 0.7885
2025-06-16 23:55:04,689 - INFO - Fold 6 Accuracy: 0.8077
2025-06-16 23:55:05,050 - INFO - Fold 7 Accuracy: 0.8350
2025-06-16 23:55:05,395 - INFO - Fold 8 Accuracy: 0.8350
2025-06-16 23:55:05,755 - INFO - Fold 9 Accuracy: 0.7767
2025-06-16 23:55:06,139 - INFO - Fold 10 Accuracy: 0.7767
2025-06-16 23:55:09,977 - INFO - random_forest Cross-Validation Performance:
2025-06-16 23:55:09,977 - INFO - Mean CV Accuracy: 0.8262 (+/- 0.0761)
2025-06-16 23:55:09,977 - INFO - Processing xgboost...
2025-06-16 23:55:09,977 - INFO - Tuning hyperparameters for xgboost...
2025-06-16 23:55:09,977 - INFO - Validating data for xgboost...
2025-06-16 23:55:09,977 - WARNING - Constant features found for xgboost: ['WaitingTime_Car', 'Availability_Car', 'Availability_PublicTransport']
2025-06-16 23:55:25,144 - INFO - Best parameters for xgboost:
2025-06-16 23:55:25,146 - INFO - {'learning_rate': 0.1, 'max_depth': 3, 'n_estimators': 200, 'subsample': 1.0}
2025-06-16 23:55:25,146 - INFO - Best cross-validation score: 0.8591
2025-06-16 23:55:25,146 - INFO - Time taken: 15.17 seconds
2025-06-16 23:55:25,658 - INFO - Fold 1 Accuracy: 0.8846
2025-06-16 23:55:26,171 - INFO - Fold 2 Accuracy: 0.8846
2025-06-16 23:55:26,677 - INFO - Fold 3 Accuracy: 0.9327
2025-06-16 23:55:27,187 - INFO - Fold 4 Accuracy: 0.8942
2025-06-16 23:55:27,693 - INFO - Fold 5 Accuracy: 0.8173
2025-06-16 23:55:28,210 - INFO - Fold 6 Accuracy: 0.8365
2025-06-16 23:55:28,718 - INFO - Fold 7 Accuracy: 0.8544
2025-06-16 23:55:29,226 - INFO - Fold 8 Accuracy: 0.8641
2025-06-16 23:55:29,750 - INFO - Fold 9 Accuracy: 0.8155
2025-06-16 23:55:30,357 - INFO - Fold 10 Accuracy: 0.8544
2025-06-16 23:55:36,262 - INFO - xgboost Cross-Validation Performance:
2025-06-16 23:55:36,262 - INFO - Mean CV Accuracy: 0.8561 (+/- 0.0652)
2025-06-16 23:55:36,262 - INFO - Processing lightgbm...
2025-06-16 23:55:36,262 - INFO - Tuning hyperparameters for lightgbm...
2025-06-16 23:55:36,262 - INFO - Validating data for lightgbm...
2025-06-16 23:55:36,275 - WARNING - Constant features found for lightgbm: ['WaitingTime_Car', 'Availability_Car', 'Availability_PublicTransport']
2025-06-16 23:58:06,183 - INFO - Best parameters for lightgbm:
2025-06-16 23:58:06,183 - INFO - {'learning_rate': 0.1, 'max_depth': 5, 'min_child_samples': 50, 'min_child_weight': 0.001, 'min_split_gain': 0.001, 'n_estimators': 100, 'num_leaves': 31, 'reg_alpha': 0.1, 'reg_lambda': 0.1}
2025-06-16 23:58:06,183 - INFO - Best cross-validation score: 0.8552
2025-06-16 23:58:06,185 - INFO - Time taken: 149.92 seconds
2025-06-16 23:58:06,364 - INFO - Fold 1 Accuracy: 0.8750
2025-06-16 23:58:06,521 - INFO - Fold 2 Accuracy: 0.8462
2025-06-16 23:58:06,683 - INFO - Fold 3 Accuracy: 0.9519
2025-06-16 23:58:06,835 - INFO - Fold 4 Accuracy: 0.9038
2025-06-16 23:58:07,009 - INFO - Fold 5 Accuracy: 0.8173
2025-06-16 23:58:07,213 - INFO - Fold 6 Accuracy: 0.8750
2025-06-16 23:58:07,443 - INFO - Fold 7 Accuracy: 0.8544
2025-06-16 23:58:07,605 - INFO - Fold 8 Accuracy: 0.8447
2025-06-16 23:58:07,759 - INFO - Fold 9 Accuracy: 0.7961
2025-06-16 23:58:07,928 - INFO - Fold 10 Accuracy: 0.8155
2025-06-16 23:58:09,753 - INFO - lightgbm Cross-Validation Performance:
2025-06-16 23:58:09,755 - INFO - Mean CV Accuracy: 0.8610 (+/- 0.0455)
2025-06-16 23:58:09,755 - INFO - Starting meta-learner evaluation...
2025-06-16 23:58:09,755 - INFO - Evaluating different meta-learners...
2025-06-16 23:58:09,755 - INFO - 
Evaluating logistic_regression...
2025-06-16 23:58:09,757 - INFO - Tuning hyperparameters for logistic_regression...
2025-06-16 23:58:09,757 - INFO - Validating data for logistic_regression...
