2025-06-16 13:06:47,133 - INFO - Loading data...
2025-06-16 13:06:47,176 - INFO - Feature names cleaned for LightGBM compatibility
2025-06-16 13:06:47,176 - INFO - Data shapes:
2025-06-16 13:06:47,176 - INFO - Features (X): (1728, 180)
2025-06-16 13:06:47,176 - INFO - Target (y): (1728,)
2025-06-16 13:06:47,188 - INFO - Data split sizes:
2025-06-16 13:06:47,188 - INFO - Training set: 1036 samples
2025-06-16 13:06:47,188 - INFO - Validation set: 346 samples
2025-06-16 13:06:47,188 - INFO - Test set: 346 samples
2025-06-16 13:06:47,188 - INFO - Training base models and generating meta-features using stratified cross-validation...
2025-06-16 13:06:47,193 - INFO - Processing random_forest...
2025-06-16 13:06:47,193 - INFO - Tuning hyperparameters for random_forest...
2025-06-16 13:07:02,153 - INFO - Best parameters for random_forest:
2025-06-16 13:07:02,153 - INFO - {'max_depth': 15, 'min_samples_leaf': 1, 'min_samples_split': 2, 'n_estimators': 200}
2025-06-16 13:07:02,153 - INFO - Best cross-validation score: 0.8040
2025-06-16 13:07:02,153 - INFO - Time taken: 14.96 seconds
2025-06-16 13:07:02,675 - INFO - Fold 1 Accuracy: 0.8654
2025-06-16 13:07:03,146 - INFO - Fold 2 Accuracy: 0.8558
2025-06-16 13:07:03,623 - INFO - Fold 3 Accuracy: 0.8558
2025-06-16 13:07:04,076 - INFO - Fold 4 Accuracy: 0.8269
2025-06-16 13:07:04,524 - INFO - Fold 5 Accuracy: 0.7885
2025-06-16 13:07:04,972 - INFO - Fold 6 Accuracy: 0.8077
2025-06-16 13:07:05,387 - INFO - Fold 7 Accuracy: 0.8350
2025-06-16 13:07:05,857 - INFO - Fold 8 Accuracy: 0.8350
2025-06-16 13:07:06,337 - INFO - Fold 9 Accuracy: 0.7767
2025-06-16 13:07:06,785 - INFO - Fold 10 Accuracy: 0.7767
2025-06-16 13:07:11,475 - INFO - random_forest Cross-Validation Performance:
2025-06-16 13:07:11,475 - INFO - Mean CV Accuracy: 0.8262 (+/- 0.0761)
2025-06-16 13:07:11,475 - INFO - Processing xgboost...
2025-06-16 13:07:11,475 - INFO - Tuning hyperparameters for xgboost...
2025-06-16 13:07:32,047 - INFO - Best parameters for xgboost:
2025-06-16 13:07:32,047 - INFO - {'learning_rate': 0.1, 'max_depth': 3, 'n_estimators': 200, 'subsample': 1.0}
2025-06-16 13:07:32,047 - INFO - Best cross-validation score: 0.8591
2025-06-16 13:07:32,049 - INFO - Time taken: 20.57 seconds
2025-06-16 13:07:32,662 - INFO - Fold 1 Accuracy: 0.8846
2025-06-16 13:07:33,264 - INFO - Fold 2 Accuracy: 0.8846
2025-06-16 13:07:33,868 - INFO - Fold 3 Accuracy: 0.9327
2025-06-16 13:07:34,464 - INFO - Fold 4 Accuracy: 0.8942
2025-06-16 13:07:35,056 - INFO - Fold 5 Accuracy: 0.8173
2025-06-16 13:07:35,644 - INFO - Fold 6 Accuracy: 0.8365
2025-06-16 13:07:36,235 - INFO - Fold 7 Accuracy: 0.8544
2025-06-16 13:07:36,828 - INFO - Fold 8 Accuracy: 0.8641
2025-06-16 13:07:37,473 - INFO - Fold 9 Accuracy: 0.8155
2025-06-16 13:07:38,069 - INFO - Fold 10 Accuracy: 0.8544
2025-06-16 13:07:44,315 - INFO - xgboost Cross-Validation Performance:
2025-06-16 13:07:44,317 - INFO - Mean CV Accuracy: 0.8561 (+/- 0.0652)
2025-06-16 13:07:44,317 - INFO - Processing lightgbm...
2025-06-16 13:07:44,317 - INFO - Tuning hyperparameters for lightgbm...
