2025-06-16 13:23:31,546 - INFO - Loading data...
2025-06-16 13:23:31,590 - INFO - Feature names cleaned for LightGBM compatibility
2025-06-16 13:23:31,592 - INFO - Data shapes:
2025-06-16 13:23:31,592 - INFO - Features (X): (1728, 180)
2025-06-16 13:23:31,592 - INFO - Target (y): (1728,)
2025-06-16 13:23:31,604 - INFO - Data split sizes:
2025-06-16 13:23:31,604 - INFO - Training set: 1036 samples
2025-06-16 13:23:31,604 - INFO - Validation set: 346 samples
2025-06-16 13:23:31,604 - INFO - Test set: 346 samples
2025-06-16 13:23:31,604 - INFO - Training base models and generating meta-features using stratified cross-validation...
2025-06-16 13:23:31,604 - INFO - Processing random_forest...
2025-06-16 13:23:31,606 - INFO - Tuning hyperparameters for random_forest...
2025-06-16 13:23:31,606 - INFO - Validating data for random_forest...
2025-06-16 13:23:31,625 - WARNING - Constant features found for random_forest: ['WaitingTime_Car', 'Availability_Car', 'Availability_PublicTransport']
2025-06-16 13:23:52,320 - INFO - Best parameters for random_forest:
2025-06-16 13:23:52,320 - INFO - {'max_depth': 15, 'min_samples_leaf': 1, 'min_samples_split': 2, 'n_estimators': 200}
2025-06-16 13:23:52,320 - INFO - Best cross-validation score: 0.8011
2025-06-16 13:23:52,320 - INFO - Time taken: 20.71 seconds
2025-06-16 13:23:52,950 - INFO - Fold 1 Accuracy: 0.8654
2025-06-16 13:23:53,545 - INFO - Fold 2 Accuracy: 0.8558
2025-06-16 13:23:54,160 - INFO - Fold 3 Accuracy: 0.8558
2025-06-16 13:23:54,763 - INFO - Fold 4 Accuracy: 0.8269
2025-06-16 13:23:55,349 - INFO - Fold 5 Accuracy: 0.7885
2025-06-16 13:23:55,945 - INFO - Fold 6 Accuracy: 0.8077
2025-06-16 13:23:56,520 - INFO - Fold 7 Accuracy: 0.8350
2025-06-16 13:23:57,116 - INFO - Fold 8 Accuracy: 0.8350
2025-06-16 13:23:57,725 - INFO - Fold 9 Accuracy: 0.7767
2025-06-16 13:23:58,342 - INFO - Fold 10 Accuracy: 0.7767
2025-06-16 13:24:04,686 - INFO - random_forest Cross-Validation Performance:
2025-06-16 13:24:04,687 - INFO - Mean CV Accuracy: 0.8262 (+/- 0.0761)
2025-06-16 13:24:04,687 - INFO - Processing xgboost...
2025-06-16 13:24:04,687 - INFO - Tuning hyperparameters for xgboost...
2025-06-16 13:24:04,687 - INFO - Validating data for xgboost...
2025-06-16 13:24:04,701 - WARNING - Constant features found for xgboost: ['WaitingTime_Car', 'Availability_Car', 'Availability_PublicTransport']
2025-06-16 13:24:30,783 - INFO - Best parameters for xgboost:
2025-06-16 13:24:30,783 - INFO - {'learning_rate': 0.1, 'max_depth': 3, 'n_estimators': 200, 'subsample': 1.0}
2025-06-16 13:24:30,783 - INFO - Best cross-validation score: 0.8591
2025-06-16 13:24:30,783 - INFO - Time taken: 26.10 seconds
2025-06-16 13:24:31,677 - INFO - Fold 1 Accuracy: 0.8846
2025-06-16 13:24:32,584 - INFO - Fold 2 Accuracy: 0.8846
2025-06-16 13:24:33,509 - INFO - Fold 3 Accuracy: 0.9327
2025-06-16 13:24:34,434 - INFO - Fold 4 Accuracy: 0.8942
2025-06-16 13:24:35,383 - INFO - Fold 5 Accuracy: 0.8173
2025-06-16 13:24:36,551 - INFO - Fold 6 Accuracy: 0.8365
2025-06-16 13:24:37,481 - INFO - Fold 7 Accuracy: 0.8544
2025-06-16 13:24:38,406 - INFO - Fold 8 Accuracy: 0.8641
2025-06-16 13:24:40,797 - INFO - Fold 9 Accuracy: 0.8155
2025-06-16 13:24:41,481 - INFO - Fold 10 Accuracy: 0.8544
2025-06-16 13:24:48,114 - INFO - xgboost Cross-Validation Performance:
2025-06-16 13:24:48,115 - INFO - Mean CV Accuracy: 0.8561 (+/- 0.0652)
2025-06-16 13:24:48,115 - INFO - Processing lightgbm...
2025-06-16 13:24:48,115 - INFO - Tuning hyperparameters for lightgbm...
2025-06-16 13:24:48,115 - INFO - Validating data for lightgbm...
2025-06-16 13:24:48,127 - WARNING - Constant features found for lightgbm: ['WaitingTime_Car', 'Availability_Car', 'Availability_PublicTransport']
