2025-06-16 13:09:14,506 - INFO - Loading data...
2025-06-16 13:09:14,532 - INFO - Feature names cleaned for LightGBM compatibility
2025-06-16 13:09:14,532 - INFO - Data shapes:
2025-06-16 13:09:14,532 - INFO - Features (X): (1728, 180)
2025-06-16 13:09:14,547 - INFO - Target (y): (1728,)
2025-06-16 13:09:14,555 - INFO - Data split sizes:
2025-06-16 13:09:14,555 - INFO - Training set: 1036 samples
2025-06-16 13:09:14,555 - INFO - Validation set: 346 samples
2025-06-16 13:09:14,555 - INFO - Test set: 346 samples
2025-06-16 13:09:14,555 - INFO - Training base models and generating meta-features using stratified cross-validation...
2025-06-16 13:09:14,555 - INFO - Processing random_forest...
2025-06-16 13:09:14,559 - INFO - Tuning hyperparameters for random_forest...
2025-06-16 13:09:14,562 - INFO - Validating data for random_forest...
2025-06-16 13:09:14,571 - WARNING - Constant features found for random_forest: ['WaitingTime_Car', 'Availability_Car', 'Availability_PublicTransport']
2025-06-16 13:09:31,394 - INFO - Best parameters for random_forest:
2025-06-16 13:09:31,394 - INFO - {'max_depth': 15, 'min_samples_leaf': 1, 'min_samples_split': 2, 'n_estimators': 200}
2025-06-16 13:09:31,394 - INFO - Best cross-validation score: 0.8011
2025-06-16 13:09:31,394 - INFO - Time taken: 16.83 seconds
2025-06-16 13:09:31,886 - INFO - Fold 1 Accuracy: 0.8654
2025-06-16 13:09:32,376 - INFO - Fold 2 Accuracy: 0.8558
2025-06-16 13:09:32,867 - INFO - Fold 3 Accuracy: 0.8558
2025-06-16 13:09:33,359 - INFO - Fold 4 Accuracy: 0.8269
2025-06-16 13:09:33,807 - INFO - Fold 5 Accuracy: 0.7885
2025-06-16 13:09:34,251 - INFO - Fold 6 Accuracy: 0.8077
2025-06-16 13:09:34,693 - INFO - Fold 7 Accuracy: 0.8350
2025-06-16 13:09:35,125 - INFO - Fold 8 Accuracy: 0.8350
2025-06-16 13:09:35,549 - INFO - Fold 9 Accuracy: 0.7767
2025-06-16 13:09:36,019 - INFO - Fold 10 Accuracy: 0.7767
2025-06-16 13:09:40,947 - INFO - random_forest Cross-Validation Performance:
2025-06-16 13:09:40,947 - INFO - Mean CV Accuracy: 0.8262 (+/- 0.0761)
2025-06-16 13:09:40,947 - INFO - Processing xgboost...
2025-06-16 13:09:40,947 - INFO - Tuning hyperparameters for xgboost...
2025-06-16 13:09:40,947 - INFO - Validating data for xgboost...
2025-06-16 13:09:40,964 - WARNING - Constant features found for xgboost: ['WaitingTime_Car', 'Availability_Car', 'Availability_PublicTransport']
2025-06-16 13:10:01,596 - INFO - Best parameters for xgboost:
2025-06-16 13:10:01,599 - INFO - {'learning_rate': 0.1, 'max_depth': 3, 'n_estimators': 200, 'subsample': 1.0}
2025-06-16 13:10:01,599 - INFO - Best cross-validation score: 0.8591
2025-06-16 13:10:01,599 - INFO - Time taken: 20.65 seconds
2025-06-16 13:10:02,385 - INFO - Fold 1 Accuracy: 0.8846
2025-06-16 13:10:03,118 - INFO - Fold 2 Accuracy: 0.8846
2025-06-16 13:10:04,077 - INFO - Fold 3 Accuracy: 0.9327
2025-06-16 13:10:04,798 - INFO - Fold 4 Accuracy: 0.8942
2025-06-16 13:10:05,438 - INFO - Fold 5 Accuracy: 0.8173
2025-06-16 13:10:06,080 - INFO - Fold 6 Accuracy: 0.8365
2025-06-16 13:10:06,722 - INFO - Fold 7 Accuracy: 0.8544
2025-06-16 13:10:07,372 - INFO - Fold 8 Accuracy: 0.8641
2025-06-16 13:10:08,067 - INFO - Fold 9 Accuracy: 0.8155
2025-06-16 13:10:08,721 - INFO - Fold 10 Accuracy: 0.8544
2025-06-16 13:10:15,509 - INFO - xgboost Cross-Validation Performance:
2025-06-16 13:10:15,509 - INFO - Mean CV Accuracy: 0.8561 (+/- 0.0652)
2025-06-16 13:10:15,509 - INFO - Processing lightgbm...
2025-06-16 13:10:15,509 - INFO - Tuning hyperparameters for lightgbm...
2025-06-16 13:10:15,509 - INFO - Validating data for lightgbm...
2025-06-16 13:10:15,524 - WARNING - Constant features found for lightgbm: ['WaitingTime_Car', 'Availability_Car', 'Availability_PublicTransport']
