2025-06-16 13:16:42,033 - INFO - Loading data...
2025-06-16 13:16:42,074 - INFO - Feature names cleaned for LightGBM compatibility
2025-06-16 13:16:42,075 - INFO - Data shapes:
2025-06-16 13:16:42,076 - INFO - Features (X): (1728, 180)
2025-06-16 13:16:42,076 - INFO - Target (y): (1728,)
2025-06-16 13:16:42,086 - INFO - Data split sizes:
2025-06-16 13:16:42,087 - INFO - Training set: 1036 samples
2025-06-16 13:16:42,087 - INFO - Validation set: 346 samples
2025-06-16 13:16:42,087 - INFO - Test set: 346 samples
2025-06-16 13:16:42,087 - INFO - Training base models and generating meta-features using stratified cross-validation...
2025-06-16 13:16:42,087 - INFO - Processing random_forest...
2025-06-16 13:16:42,089 - INFO - Tuning hyperparameters for random_forest...
2025-06-16 13:16:42,089 - INFO - Validating data for random_forest...
2025-06-16 13:16:42,108 - WARNING - Constant features found for random_forest: ['WaitingTime_Car', 'Availability_Car', 'Availability_PublicTransport']
2025-06-16 13:17:16,164 - INFO - Best parameters for random_forest:
2025-06-16 13:17:16,165 - INFO - {'max_depth': 15, 'min_samples_leaf': 1, 'min_samples_split': 2, 'n_estimators': 200}
2025-06-16 13:17:16,165 - INFO - Best cross-validation score: 0.8011
2025-06-16 13:17:16,165 - INFO - Time taken: 34.08 seconds
2025-06-16 13:17:17,122 - INFO - Fold 1 Accuracy: 0.8654
2025-06-16 13:17:18,101 - INFO - Fold 2 Accuracy: 0.8558
2025-06-16 13:17:19,111 - INFO - Fold 3 Accuracy: 0.8558
2025-06-16 13:17:20,124 - INFO - Fold 4 Accuracy: 0.8269
2025-06-16 13:17:21,083 - INFO - Fold 5 Accuracy: 0.7885
2025-06-16 13:17:22,016 - INFO - Fold 6 Accuracy: 0.8077
2025-06-16 13:17:22,903 - INFO - Fold 7 Accuracy: 0.8350
2025-06-16 13:17:23,811 - INFO - Fold 8 Accuracy: 0.8350
2025-06-16 13:17:24,709 - INFO - Fold 9 Accuracy: 0.7767
2025-06-16 13:17:25,632 - INFO - Fold 10 Accuracy: 0.7767
2025-06-16 13:17:35,482 - INFO - random_forest Cross-Validation Performance:
2025-06-16 13:17:35,482 - INFO - Mean CV Accuracy: 0.8262 (+/- 0.0761)
2025-06-16 13:17:35,482 - INFO - Processing xgboost...
2025-06-16 13:17:35,482 - INFO - Tuning hyperparameters for xgboost...
2025-06-16 13:17:35,482 - INFO - Validating data for xgboost...
2025-06-16 13:17:35,503 - WARNING - Constant features found for xgboost: ['WaitingTime_Car', 'Availability_Car', 'Availability_PublicTransport']
2025-06-16 13:18:11,154 - INFO - Best parameters for xgboost:
2025-06-16 13:18:11,154 - INFO - {'learning_rate': 0.1, 'max_depth': 3, 'n_estimators': 200, 'subsample': 1.0}
2025-06-16 13:18:11,154 - INFO - Best cross-validation score: 0.8591
2025-06-16 13:18:11,155 - INFO - Time taken: 35.67 seconds
2025-06-16 13:18:14,386 - INFO - Fold 1 Accuracy: 0.8846
2025-06-16 13:18:15,953 - INFO - Fold 2 Accuracy: 0.8846
2025-06-16 13:18:17,561 - INFO - Fold 3 Accuracy: 0.9327
2025-06-16 13:18:19,117 - INFO - Fold 4 Accuracy: 0.8942
2025-06-16 13:18:20,589 - INFO - Fold 5 Accuracy: 0.8173
2025-06-16 13:18:22,054 - INFO - Fold 6 Accuracy: 0.8365
2025-06-16 13:18:23,654 - INFO - Fold 7 Accuracy: 0.8544
2025-06-16 13:18:25,079 - INFO - Fold 8 Accuracy: 0.8641
2025-06-16 13:18:26,718 - INFO - Fold 9 Accuracy: 0.8155
2025-06-16 13:18:28,297 - INFO - Fold 10 Accuracy: 0.8544
2025-06-16 13:18:44,979 - INFO - xgboost Cross-Validation Performance:
2025-06-16 13:18:44,980 - INFO - Mean CV Accuracy: 0.8561 (+/- 0.0652)
2025-06-16 13:18:44,980 - INFO - Processing lightgbm...
2025-06-16 13:18:44,980 - INFO - Tuning hyperparameters for lightgbm...
2025-06-16 13:18:44,980 - INFO - Validating data for lightgbm...
2025-06-16 13:18:44,993 - WARNING - Constant features found for lightgbm: ['WaitingTime_Car', 'Availability_Car', 'Availability_PublicTransport']
