2025-06-16 13:22:22,165 - INFO - Loading data...
2025-06-16 13:22:22,220 - INFO - Feature names cleaned for LightGBM compatibility
2025-06-16 13:22:22,222 - INFO - Data shapes:
2025-06-16 13:22:22,222 - INFO - Features (X): (1728, 180)
2025-06-16 13:22:22,223 - INFO - Target (y): (1728,)
2025-06-16 13:22:22,235 - INFO - Data split sizes:
2025-06-16 13:22:22,237 - INFO - Training set: 1036 samples
2025-06-16 13:22:22,240 - INFO - Validation set: 346 samples
2025-06-16 13:22:22,240 - INFO - Test set: 346 samples
2025-06-16 13:22:22,240 - INFO - Training base models and generating meta-features using stratified cross-validation...
2025-06-16 13:22:22,241 - INFO - Processing random_forest...
2025-06-16 13:22:22,243 - INFO - Tuning hyperparameters for random_forest...
2025-06-16 13:22:22,243 - INFO - Validating data for random_forest...
2025-06-16 13:22:22,267 - WARNING - Constant features found for random_forest: ['WaitingTime_Car', 'Availability_Car', 'Availability_PublicTransport']
2025-06-16 13:22:58,798 - INFO - Best parameters for random_forest:
2025-06-16 13:22:58,798 - INFO - {'max_depth': 15, 'min_samples_leaf': 1, 'min_samples_split': 2, 'n_estimators': 200}
2025-06-16 13:22:58,798 - INFO - Best cross-validation score: 0.8011
2025-06-16 13:22:58,798 - INFO - Time taken: 36.56 seconds
2025-06-16 13:22:59,782 - INFO - Fold 1 Accuracy: 0.8654
2025-06-16 13:23:00,558 - INFO - Fold 2 Accuracy: 0.8558
2025-06-16 13:23:01,266 - INFO - Fold 3 Accuracy: 0.8558
2025-06-16 13:23:02,001 - INFO - Fold 4 Accuracy: 0.8269
2025-06-16 13:23:02,733 - INFO - Fold 5 Accuracy: 0.7885
2025-06-16 13:23:03,515 - INFO - Fold 6 Accuracy: 0.8077
2025-06-16 13:23:04,200 - INFO - Fold 7 Accuracy: 0.8350
2025-06-16 13:23:04,967 - INFO - Fold 8 Accuracy: 0.8350
2025-06-16 13:23:05,759 - INFO - Fold 9 Accuracy: 0.7767
2025-06-16 13:23:06,397 - INFO - Fold 10 Accuracy: 0.7767
2025-06-16 13:23:14,629 - INFO - random_forest Cross-Validation Performance:
2025-06-16 13:23:14,629 - INFO - Mean CV Accuracy: 0.8262 (+/- 0.0761)
2025-06-16 13:23:14,629 - INFO - Processing xgboost...
2025-06-16 13:23:14,629 - INFO - Tuning hyperparameters for xgboost...
2025-06-16 13:23:14,644 - INFO - Validating data for xgboost...
2025-06-16 13:23:14,651 - WARNING - Constant features found for xgboost: ['WaitingTime_Car', 'Availability_Car', 'Availability_PublicTransport']
2025-06-16 13:23:52,473 - INFO - Best parameters for xgboost:
2025-06-16 13:23:52,473 - INFO - {'learning_rate': 0.1, 'max_depth': 3, 'n_estimators': 200, 'subsample': 1.0}
2025-06-16 13:23:52,474 - INFO - Best cross-validation score: 0.8591
2025-06-16 13:23:52,474 - INFO - Time taken: 37.83 seconds
2025-06-16 13:23:53,572 - INFO - Fold 1 Accuracy: 0.8846
2025-06-16 13:23:54,596 - INFO - Fold 2 Accuracy: 0.8846
2025-06-16 13:23:55,637 - INFO - Fold 3 Accuracy: 0.9327
2025-06-16 13:23:56,766 - INFO - Fold 4 Accuracy: 0.8942
2025-06-16 13:23:57,843 - INFO - Fold 5 Accuracy: 0.8173
2025-06-16 13:23:59,046 - INFO - Fold 6 Accuracy: 0.8365
2025-06-16 13:24:00,239 - INFO - Fold 7 Accuracy: 0.8544
2025-06-16 13:24:01,428 - INFO - Fold 8 Accuracy: 0.8641
2025-06-16 13:24:02,634 - INFO - Fold 9 Accuracy: 0.8155
2025-06-16 13:24:03,698 - INFO - Fold 10 Accuracy: 0.8544
2025-06-16 13:24:38,539 - INFO - xgboost Cross-Validation Performance:
2025-06-16 13:24:38,540 - INFO - Mean CV Accuracy: 0.8561 (+/- 0.0652)
2025-06-16 13:24:38,540 - INFO - Processing lightgbm...
2025-06-16 13:24:38,540 - INFO - Tuning hyperparameters for lightgbm...
2025-06-16 13:24:38,541 - INFO - Validating data for lightgbm...
2025-06-16 13:24:38,554 - WARNING - Constant features found for lightgbm: ['WaitingTime_Car', 'Availability_Car', 'Availability_PublicTransport']
