2025-06-16 23:52:31,280 - INFO - Loading data...
2025-06-16 23:52:31,312 - INFO - Feature names cleaned for LightGBM compatibility
2025-06-16 23:52:31,328 - INFO - Data shapes:
2025-06-16 23:52:31,328 - INFO - Features (X): (1728, 180)
2025-06-16 23:52:31,328 - INFO - Target (y): (1728,)
2025-06-16 23:52:31,335 - INFO - Data split sizes:
2025-06-16 23:52:31,335 - INFO - Training set: 1036 samples
2025-06-16 23:52:31,336 - INFO - Validation set: 346 samples
2025-06-16 23:52:31,336 - INFO - Test set: 346 samples
2025-06-16 23:52:31,336 - INFO - Training base models and generating meta-features using stratified cross-validation...
2025-06-16 23:52:31,336 - INFO - Processing random_forest...
2025-06-16 23:52:31,336 - INFO - Tuning hyperparameters for random_forest...
2025-06-16 23:52:31,337 - INFO - Validating data for random_forest...
2025-06-16 23:52:31,347 - WARNING - Constant features found for random_forest: ['WaitingTime_Car', 'Availability_Car', 'Availability_PublicTransport']
2025-06-16 23:52:44,364 - INFO - Best parameters for random_forest:
2025-06-16 23:52:44,364 - INFO - {'max_depth': 15, 'min_samples_leaf': 1, 'min_samples_split': 2, 'n_estimators': 200}
2025-06-16 23:52:44,364 - INFO - Best cross-validation score: 0.8011
2025-06-16 23:52:44,364 - INFO - Time taken: 13.03 seconds
2025-06-16 23:52:45,114 - INFO - Fold 1 Accuracy: 0.8654
2025-06-16 23:52:45,527 - INFO - Fold 2 Accuracy: 0.8558
2025-06-16 23:52:45,896 - INFO - Fold 3 Accuracy: 0.8558
2025-06-16 23:52:46,334 - INFO - Fold 4 Accuracy: 0.8269
2025-06-16 23:52:46,716 - INFO - Fold 5 Accuracy: 0.7885
2025-06-16 23:52:47,125 - INFO - Fold 6 Accuracy: 0.8077
2025-06-16 23:52:47,472 - INFO - Fold 7 Accuracy: 0.8350
2025-06-16 23:52:47,915 - INFO - Fold 8 Accuracy: 0.8350
2025-06-16 23:52:48,294 - INFO - Fold 9 Accuracy: 0.7767
2025-06-16 23:52:48,655 - INFO - Fold 10 Accuracy: 0.7767
2025-06-16 23:52:52,553 - INFO - random_forest Cross-Validation Performance:
2025-06-16 23:52:52,553 - INFO - Mean CV Accuracy: 0.8262 (+/- 0.0761)
2025-06-16 23:52:52,553 - INFO - Processing xgboost...
2025-06-16 23:52:52,553 - INFO - Tuning hyperparameters for xgboost...
2025-06-16 23:52:52,553 - INFO - Validating data for xgboost...
2025-06-16 23:52:52,570 - WARNING - Constant features found for xgboost: ['WaitingTime_Car', 'Availability_Car', 'Availability_PublicTransport']
2025-06-16 23:53:08,205 - INFO - Best parameters for xgboost:
2025-06-16 23:53:08,205 - INFO - {'learning_rate': 0.1, 'max_depth': 3, 'n_estimators': 200, 'subsample': 1.0}
2025-06-16 23:53:08,205 - INFO - Best cross-validation score: 0.8591
2025-06-16 23:53:08,205 - INFO - Time taken: 15.65 seconds
2025-06-16 23:53:08,740 - INFO - Fold 1 Accuracy: 0.8846
2025-06-16 23:53:09,363 - INFO - Fold 2 Accuracy: 0.8846
2025-06-16 23:53:09,891 - INFO - Fold 3 Accuracy: 0.9327
2025-06-16 23:53:10,443 - INFO - Fold 4 Accuracy: 0.8942
2025-06-16 23:53:10,963 - INFO - Fold 5 Accuracy: 0.8173
2025-06-16 23:53:11,485 - INFO - Fold 6 Accuracy: 0.8365
2025-06-16 23:53:12,012 - INFO - Fold 7 Accuracy: 0.8544
2025-06-16 23:53:12,540 - INFO - Fold 8 Accuracy: 0.8641
2025-06-16 23:53:13,063 - INFO - Fold 9 Accuracy: 0.8155
2025-06-16 23:53:13,585 - INFO - Fold 10 Accuracy: 0.8544
2025-06-16 23:53:19,536 - INFO - xgboost Cross-Validation Performance:
2025-06-16 23:53:19,538 - INFO - Mean CV Accuracy: 0.8561 (+/- 0.0652)
2025-06-16 23:53:19,538 - INFO - Processing lightgbm...
2025-06-16 23:53:19,538 - INFO - Tuning hyperparameters for lightgbm...
2025-06-16 23:53:19,538 - INFO - Validating data for lightgbm...
2025-06-16 23:53:19,548 - WARNING - Constant features found for lightgbm: ['WaitingTime_Car', 'Availability_Car', 'Availability_PublicTransport']
